// Vitest Snapshot v1, https://vitest.dev/guide/snapshot.html

exports[`Pilot MY2027 ICE M1 × ES acceptance > Layer 2 — snapshot coverage > applicability counts snapshot > counts 1`] = `
{
  "applicable": 16,
  "conditional": 42,
  "future": 3,
  "not_applicable": 60,
  "unknown": 75,
}
`;

exports[`Pilot MY2027 ICE M1 × ES acceptance > Layer 2 — snapshot coverage > applicable IDs snapshot > applicable_ids 1`] = `
[
  "REG-CS-001",
  "REG-CS-002",
  "REG-EM-001",
  "REG-EM-003",
  "REG-EM-007",
  "REG-EM-008",
  "REG-EM-011",
  "REG-EM-013",
  "REG-GSR-001",
  "REG-GSR-002",
  "REG-GSR-003",
  "REG-GSR-004",
  "REG-GSR-005",
  "REG-GSR-006",
  "REG-PV-002",
  "REG-TA-001",
]
`;
