// Vitest Snapshot v1, https://vitest.dev/guide/snapshot.html

exports[`Pilot MY2027 ICE M1 × ES acceptance > Layer 2 — snapshot coverage > applicability counts snapshot > counts 1`] = `
{
  "applicable": 35,
  "conditional": 25,
  "future": 3,
  "not_applicable": 64,
  "unknown": 69,
}
`;

exports[`Pilot MY2027 ICE M1 × ES acceptance > Layer 2 — snapshot coverage > applicable IDs snapshot > applicable_ids 1`] = `
[
  "REG-CS-001",
  "REG-CS-002",
  "REG-EM-001",
  "REG-EM-003",
  "REG-EM-007",
  "REG-EM-008",
  "REG-EM-011",
  "REG-EM-013",
  "REG-GSR-001",
  "REG-GSR-002",
  "REG-GSR-003",
  "REG-GSR-004",
  "REG-GSR-005",
  "REG-GSR-006",
  "REG-MS-ES-001",
  "REG-MS-ES-002",
  "REG-MS-ES-003",
  "REG-MS-ES-004",
  "REG-MS-ES-005",
  "REG-MS-ES-006",
  "REG-MS-ES-009",
  "REG-PV-002",
  "REG-TA-001",
  "REG-UN-010",
  "REG-UN-013H",
  "REG-UN-016",
  "REG-UN-017",
  "REG-UN-046",
  "REG-UN-048",
  "REG-UN-079",
  "REG-UN-094",
  "REG-UN-095",
  "REG-UN-117",
  "REG-UN-127",
  "REG-UN-152",
]
`;
