// Vitest Snapshot v1, https://vitest.dev/guide/snapshot.html

exports[`Pilot MY2027 BEV acceptance > Layer 3 — coverage snapshot > matches the full evaluation snapshot 1`] = `
[
  {
    "applicability": "APPLICABLE",
    "lifecycle_state": "ACTIVE",
    "rule_id": "REG-TA-001",
  },
  {
    "applicability": "NOT_APPLICABLE",
    "lifecycle_state": "SEED_UNVERIFIED",
    "rule_id": "REG-TA-002",
  },
  {
    "applicability": "UNKNOWN",
    "lifecycle_state": "PLACEHOLDER",
    "rule_id": "REG-TA-003",
  },
  {
    "applicability": "APPLICABLE",
    "lifecycle_state": "ACTIVE",
    "rule_id": "REG-GSR-001",
  },
  {
    "applicability": "APPLICABLE",
    "lifecycle_state": "ACTIVE",
    "rule_id": "REG-GSR-002",
  },
  {
    "applicability": "APPLICABLE",
    "lifecycle_state": "ACTIVE",
    "rule_id": "REG-GSR-003",
  },
  {
    "applicability": "APPLICABLE",
    "lifecycle_state": "ACTIVE",
    "rule_id": "REG-GSR-004",
  },
  {
    "applicability": "APPLICABLE",
    "lifecycle_state": "ACTIVE",
    "rule_id": "REG-GSR-005",
  },
  {
    "applicability": "APPLICABLE",
    "lifecycle_state": "ACTIVE",
    "rule_id": "REG-GSR-006",
  },
  {
    "applicability": "APPLICABLE",
    "lifecycle_state": "ACTIVE",
    "rule_id": "REG-CS-001",
  },
  {
    "applicability": "APPLICABLE",
    "lifecycle_state": "ACTIVE",
    "rule_id": "REG-CS-002",
  },
  {
    "applicability": "UNKNOWN",
    "lifecycle_state": "DRAFT",
    "rule_id": "REG-CS-003",
  },
  {
    "applicability": "NOT_APPLICABLE",
    "lifecycle_state": "SEED_UNVERIFIED",
    "rule_id": "REG-AD-001",
  },
  {
    "applicability": "CONDITIONAL",
    "lifecycle_state": "SEED_UNVERIFIED",
    "rule_id": "REG-AD-002",
  },
  {
    "applicability": "UNKNOWN",
    "lifecycle_state": "PLACEHOLDER",
    "rule_id": "REG-AD-003",
  },
  {
    "applicability": "CONDITIONAL",
    "lifecycle_state": "ACTIVE",
    "rule_id": "REG-PV-001",
  },
  {
    "applicability": "APPLICABLE",
    "lifecycle_state": "ACTIVE",
    "rule_id": "REG-PV-002",
  },
  {
    "applicability": "UNKNOWN",
    "lifecycle_state": "SEED_UNVERIFIED",
    "rule_id": "REG-PV-003",
  },
  {
    "applicability": "CONDITIONAL",
    "lifecycle_state": "SEED_UNVERIFIED",
    "rule_id": "REG-DA-001",
  },
  {
    "applicability": "APPLICABLE",
    "lifecycle_state": "ACTIVE",
    "rule_id": "REG-AI-001",
  },
  {
    "applicability": "NOT_APPLICABLE",
    "lifecycle_state": "ACTIVE",
    "rule_id": "REG-AI-002",
  },
  {
    "applicability": "CONDITIONAL",
    "lifecycle_state": "ACTIVE",
    "rule_id": "REG-AI-003",
  },
  {
    "applicability": "FUTURE",
    "lifecycle_state": "ACTIVE",
    "rule_id": "REG-AI-004",
  },
  {
    "applicability": "APPLICABLE",
    "lifecycle_state": "ACTIVE",
    "rule_id": "REG-BAT-001",
  },
  {
    "applicability": "UNKNOWN",
    "lifecycle_state": "SEED_UNVERIFIED",
    "rule_id": "REG-BAT-002",
  },
  {
    "applicability": "CONDITIONAL",
    "lifecycle_state": "SEED_UNVERIFIED",
    "rule_id": "REG-BAT-003",
  },
  {
    "applicability": "APPLICABLE",
    "lifecycle_state": "ACTIVE",
    "rule_id": "REG-BAT-004",
  },
  {
    "applicability": "FUTURE",
    "lifecycle_state": "ACTIVE",
    "rule_id": "REG-BAT-005",
  },
  {
    "applicability": "UNKNOWN",
    "lifecycle_state": "SEED_UNVERIFIED",
    "rule_id": "REG-BAT-006",
  },
  {
    "applicability": "UNKNOWN",
    "lifecycle_state": "SEED_UNVERIFIED",
    "rule_id": "REG-BAT-007",
  },
  {
    "applicability": "CONDITIONAL",
    "lifecycle_state": "SEED_UNVERIFIED",
    "rule_id": "REG-BAT-008",
  },
  {
    "applicability": "CONDITIONAL",
    "lifecycle_state": "SEED_UNVERIFIED",
    "rule_id": "REG-BAT-009",
  },
  {
    "applicability": "CONDITIONAL",
    "lifecycle_state": "DRAFT",
    "rule_id": "REG-BAT-010",
  },
  {
    "applicability": "UNKNOWN",
    "lifecycle_state": "PLACEHOLDER",
    "rule_id": "REG-CSRD-001",
  },
  {
    "applicability": "UNKNOWN",
    "lifecycle_state": "PLACEHOLDER",
    "rule_id": "REG-ESPR-001",
  },
  {
    "applicability": "APPLICABLE",
    "lifecycle_state": "ACTIVE",
    "rule_id": "REG-EM-001",
  },
  {
    "applicability": "FUTURE",
    "lifecycle_state": "ACTIVE",
    "rule_id": "REG-EM-002",
  },
  {
    "applicability": "APPLICABLE",
    "lifecycle_state": "ACTIVE",
    "rule_id": "REG-EM-003",
  },
  {
    "applicability": "UNKNOWN",
    "lifecycle_state": "SEED_UNVERIFIED",
    "rule_id": "REG-EM-004",
  },
  {
    "applicability": "UNKNOWN",
    "lifecycle_state": "SEED_UNVERIFIED",
    "rule_id": "REG-EM-005",
  },
  {
    "applicability": "NOT_APPLICABLE",
    "lifecycle_state": "SEED_UNVERIFIED",
    "rule_id": "REG-EM-006",
  },
  {
    "applicability": "NOT_APPLICABLE",
    "lifecycle_state": "SEED_UNVERIFIED",
    "rule_id": "REG-EM-007",
  },
  {
    "applicability": "NOT_APPLICABLE",
    "lifecycle_state": "SEED_UNVERIFIED",
    "rule_id": "REG-EM-008",
  },
  {
    "applicability": "NOT_APPLICABLE",
    "lifecycle_state": "SEED_UNVERIFIED",
    "rule_id": "REG-EM-009",
  },
  {
    "applicability": "NOT_APPLICABLE",
    "lifecycle_state": "SEED_UNVERIFIED",
    "rule_id": "REG-EM-010",
  },
  {
    "applicability": "CONDITIONAL",
    "lifecycle_state": "SEED_UNVERIFIED",
    "rule_id": "REG-EM-011",
  },
  {
    "applicability": "NOT_APPLICABLE",
    "lifecycle_state": "SEED_UNVERIFIED",
    "rule_id": "REG-EM-012",
  },
  {
    "applicability": "NOT_APPLICABLE",
    "lifecycle_state": "SEED_UNVERIFIED",
    "rule_id": "REG-EM-013",
  },
  {
    "applicability": "CONDITIONAL",
    "lifecycle_state": "SEED_UNVERIFIED",
    "rule_id": "REG-EM-014",
  },
  {
    "applicability": "CONDITIONAL",
    "lifecycle_state": "ACTIVE",
    "rule_id": "REG-CL-001",
  },
  {
    "applicability": "UNKNOWN",
    "lifecycle_state": "DRAFT",
    "rule_id": "REG-CL-002",
  },
  {
    "applicability": "CONDITIONAL",
    "lifecycle_state": "ACTIVE",
    "rule_id": "REG-CL-003",
  },
  {
    "applicability": "UNKNOWN",
    "lifecycle_state": "SEED_UNVERIFIED",
    "rule_id": "REG-CL-004",
  },
  {
    "applicability": "UNKNOWN",
    "lifecycle_state": "SEED_UNVERIFIED",
    "rule_id": "REG-CL-005",
  },
  {
    "applicability": "UNKNOWN",
    "lifecycle_state": "SEED_UNVERIFIED",
    "rule_id": "REG-CL-006",
  },
  {
    "applicability": "UNKNOWN",
    "lifecycle_state": "PLACEHOLDER",
    "rule_id": "REG-MS-IT-001",
  },
  {
    "applicability": "UNKNOWN",
    "lifecycle_state": "PLACEHOLDER",
    "rule_id": "REG-MS-IT-002",
  },
  {
    "applicability": "UNKNOWN",
    "lifecycle_state": "PLACEHOLDER",
    "rule_id": "REG-MS-IT-003",
  },
  {
    "applicability": "UNKNOWN",
    "lifecycle_state": "PLACEHOLDER",
    "rule_id": "REG-MS-IT-004",
  },
  {
    "applicability": "UNKNOWN",
    "lifecycle_state": "PLACEHOLDER",
    "rule_id": "REG-MS-IT-005",
  },
  {
    "applicability": "UNKNOWN",
    "lifecycle_state": "PLACEHOLDER",
    "rule_id": "REG-MS-PL-001",
  },
  {
    "applicability": "UNKNOWN",
    "lifecycle_state": "PLACEHOLDER",
    "rule_id": "REG-MS-PL-002",
  },
  {
    "applicability": "UNKNOWN",
    "lifecycle_state": "PLACEHOLDER",
    "rule_id": "REG-MS-PL-003",
  },
  {
    "applicability": "UNKNOWN",
    "lifecycle_state": "PLACEHOLDER",
    "rule_id": "REG-MS-PL-004",
  },
  {
    "applicability": "UNKNOWN",
    "lifecycle_state": "PLACEHOLDER",
    "rule_id": "REG-MS-PL-005",
  },
  {
    "applicability": "UNKNOWN",
    "lifecycle_state": "PLACEHOLDER",
    "rule_id": "REG-MS-BE-001",
  },
  {
    "applicability": "UNKNOWN",
    "lifecycle_state": "PLACEHOLDER",
    "rule_id": "REG-MS-BE-002",
  },
  {
    "applicability": "UNKNOWN",
    "lifecycle_state": "PLACEHOLDER",
    "rule_id": "REG-MS-BE-003",
  },
  {
    "applicability": "UNKNOWN",
    "lifecycle_state": "PLACEHOLDER",
    "rule_id": "REG-MS-BE-004",
  },
  {
    "applicability": "UNKNOWN",
    "lifecycle_state": "PLACEHOLDER",
    "rule_id": "REG-MS-BE-005",
  },
  {
    "applicability": "UNKNOWN",
    "lifecycle_state": "PLACEHOLDER",
    "rule_id": "REG-MS-AT-001",
  },
  {
    "applicability": "UNKNOWN",
    "lifecycle_state": "PLACEHOLDER",
    "rule_id": "REG-MS-AT-002",
  },
  {
    "applicability": "UNKNOWN",
    "lifecycle_state": "PLACEHOLDER",
    "rule_id": "REG-MS-AT-003",
  },
  {
    "applicability": "UNKNOWN",
    "lifecycle_state": "PLACEHOLDER",
    "rule_id": "REG-MS-AT-004",
  },
  {
    "applicability": "UNKNOWN",
    "lifecycle_state": "PLACEHOLDER",
    "rule_id": "REG-MS-AT-005",
  },
  {
    "applicability": "UNKNOWN",
    "lifecycle_state": "PLACEHOLDER",
    "rule_id": "REG-MS-SE-001",
  },
  {
    "applicability": "UNKNOWN",
    "lifecycle_state": "PLACEHOLDER",
    "rule_id": "REG-MS-SE-002",
  },
  {
    "applicability": "UNKNOWN",
    "lifecycle_state": "PLACEHOLDER",
    "rule_id": "REG-MS-SE-003",
  },
  {
    "applicability": "UNKNOWN",
    "lifecycle_state": "PLACEHOLDER",
    "rule_id": "REG-MS-SE-004",
  },
  {
    "applicability": "UNKNOWN",
    "lifecycle_state": "PLACEHOLDER",
    "rule_id": "REG-MS-SE-005",
  },
  {
    "applicability": "APPLICABLE",
    "lifecycle_state": "ACTIVE",
    "rule_id": "REG-MS-DE-001",
  },
  {
    "applicability": "APPLICABLE",
    "lifecycle_state": "ACTIVE",
    "rule_id": "REG-MS-DE-002",
  },
  {
    "applicability": "APPLICABLE",
    "lifecycle_state": "ACTIVE",
    "rule_id": "REG-MS-DE-003",
  },
  {
    "applicability": "APPLICABLE",
    "lifecycle_state": "ACTIVE",
    "rule_id": "REG-MS-DE-004",
  },
  {
    "applicability": "APPLICABLE",
    "lifecycle_state": "ACTIVE",
    "rule_id": "REG-MS-DE-005",
  },
  {
    "applicability": "APPLICABLE",
    "lifecycle_state": "ACTIVE",
    "rule_id": "REG-MS-DE-006",
  },
  {
    "applicability": "NOT_APPLICABLE",
    "lifecycle_state": "DRAFT",
    "rule_id": "REG-MS-DE-007",
  },
  {
    "applicability": "NOT_APPLICABLE",
    "lifecycle_state": "ACTIVE",
    "rule_id": "REG-MS-DE-008",
  },
  {
    "applicability": "CONDITIONAL",
    "lifecycle_state": "SEED_UNVERIFIED",
    "rule_id": "REG-MS-DE-009",
  },
  {
    "applicability": "APPLICABLE",
    "lifecycle_state": "ACTIVE",
    "rule_id": "REG-MS-DE-010",
  },
  {
    "applicability": "CONDITIONAL",
    "lifecycle_state": "SEED_UNVERIFIED",
    "rule_id": "REG-MS-FR-001",
  },
  {
    "applicability": "CONDITIONAL",
    "lifecycle_state": "SEED_UNVERIFIED",
    "rule_id": "REG-MS-FR-002",
  },
  {
    "applicability": "CONDITIONAL",
    "lifecycle_state": "SEED_UNVERIFIED",
    "rule_id": "REG-MS-FR-003",
  },
  {
    "applicability": "CONDITIONAL",
    "lifecycle_state": "SEED_UNVERIFIED",
    "rule_id": "REG-MS-FR-004",
  },
  {
    "applicability": "CONDITIONAL",
    "lifecycle_state": "SEED_UNVERIFIED",
    "rule_id": "REG-MS-FR-005",
  },
  {
    "applicability": "CONDITIONAL",
    "lifecycle_state": "SEED_UNVERIFIED",
    "rule_id": "REG-MS-FR-006",
  },
  {
    "applicability": "CONDITIONAL",
    "lifecycle_state": "DRAFT",
    "rule_id": "REG-MS-FR-007",
  },
  {
    "applicability": "NOT_APPLICABLE",
    "lifecycle_state": "SEED_UNVERIFIED",
    "rule_id": "REG-MS-FR-008",
  },
  {
    "applicability": "NOT_APPLICABLE",
    "lifecycle_state": "SEED_UNVERIFIED",
    "rule_id": "REG-MS-FR-009",
  },
  {
    "applicability": "CONDITIONAL",
    "lifecycle_state": "DRAFT",
    "rule_id": "REG-MS-FR-010",
  },
  {
    "applicability": "CONDITIONAL",
    "lifecycle_state": "SEED_UNVERIFIED",
    "rule_id": "REG-MS-FR-011",
  },
  {
    "applicability": "CONDITIONAL",
    "lifecycle_state": "SEED_UNVERIFIED",
    "rule_id": "REG-MS-FR-012",
  },
  {
    "applicability": "CONDITIONAL",
    "lifecycle_state": "SEED_UNVERIFIED",
    "rule_id": "REG-MS-NL-001",
  },
  {
    "applicability": "CONDITIONAL",
    "lifecycle_state": "SEED_UNVERIFIED",
    "rule_id": "REG-MS-NL-002",
  },
  {
    "applicability": "CONDITIONAL",
    "lifecycle_state": "SEED_UNVERIFIED",
    "rule_id": "REG-MS-NL-003",
  },
  {
    "applicability": "CONDITIONAL",
    "lifecycle_state": "SEED_UNVERIFIED",
    "rule_id": "REG-MS-NL-004",
  },
  {
    "applicability": "CONDITIONAL",
    "lifecycle_state": "SEED_UNVERIFIED",
    "rule_id": "REG-MS-NL-005",
  },
  {
    "applicability": "NOT_APPLICABLE",
    "lifecycle_state": "SEED_UNVERIFIED",
    "rule_id": "REG-MS-ES-001",
  },
  {
    "applicability": "NOT_APPLICABLE",
    "lifecycle_state": "SEED_UNVERIFIED",
    "rule_id": "REG-MS-ES-002",
  },
  {
    "applicability": "NOT_APPLICABLE",
    "lifecycle_state": "SEED_UNVERIFIED",
    "rule_id": "REG-MS-ES-003",
  },
  {
    "applicability": "NOT_APPLICABLE",
    "lifecycle_state": "SEED_UNVERIFIED",
    "rule_id": "REG-MS-ES-004",
  },
  {
    "applicability": "NOT_APPLICABLE",
    "lifecycle_state": "SEED_UNVERIFIED",
    "rule_id": "REG-MS-ES-005",
  },
  {
    "applicability": "NOT_APPLICABLE",
    "lifecycle_state": "SEED_UNVERIFIED",
    "rule_id": "REG-MS-ES-006",
  },
  {
    "applicability": "NOT_APPLICABLE",
    "lifecycle_state": "SEED_UNVERIFIED",
    "rule_id": "REG-MS-ES-007",
  },
  {
    "applicability": "NOT_APPLICABLE",
    "lifecycle_state": "SEED_UNVERIFIED",
    "rule_id": "REG-MS-ES-008",
  },
  {
    "applicability": "NOT_APPLICABLE",
    "lifecycle_state": "SEED_UNVERIFIED",
    "rule_id": "REG-MS-ES-009",
  },
  {
    "applicability": "CONDITIONAL",
    "lifecycle_state": "DRAFT",
    "rule_id": "REG-MS-ES-010",
  },
  {
    "applicability": "UNKNOWN",
    "lifecycle_state": "PLACEHOLDER",
    "rule_id": "REG-MS-ES-011",
  },
  {
    "applicability": "NOT_APPLICABLE",
    "lifecycle_state": "DRAFT",
    "rule_id": "REG-MS-ES-012",
  },
  {
    "applicability": "NOT_APPLICABLE",
    "lifecycle_state": "SEED_UNVERIFIED",
    "rule_id": "REG-MS-ES-013",
  },
  {
    "applicability": "NOT_APPLICABLE",
    "lifecycle_state": "DRAFT",
    "rule_id": "REG-MS-ES-014",
  },
  {
    "applicability": "UNKNOWN",
    "lifecycle_state": "PLACEHOLDER",
    "rule_id": "REG-MS-CZ-001",
  },
  {
    "applicability": "NOT_APPLICABLE",
    "lifecycle_state": "ACTIVE",
    "rule_id": "REG-UK-001",
  },
  {
    "applicability": "NOT_APPLICABLE",
    "lifecycle_state": "SEED_UNVERIFIED",
    "rule_id": "REG-UK-002",
  },
  {
    "applicability": "NOT_APPLICABLE",
    "lifecycle_state": "SEED_UNVERIFIED",
    "rule_id": "REG-UK-003",
  },
  {
    "applicability": "NOT_APPLICABLE",
    "lifecycle_state": "SEED_UNVERIFIED",
    "rule_id": "REG-UK-004",
  },
  {
    "applicability": "NOT_APPLICABLE",
    "lifecycle_state": "SEED_UNVERIFIED",
    "rule_id": "REG-UK-005",
  },
  {
    "applicability": "NOT_APPLICABLE",
    "lifecycle_state": "SEED_UNVERIFIED",
    "rule_id": "REG-UK-006",
  },
  {
    "applicability": "NOT_APPLICABLE",
    "lifecycle_state": "SEED_UNVERIFIED",
    "rule_id": "REG-UK-007",
  },
  {
    "applicability": "NOT_APPLICABLE",
    "lifecycle_state": "SEED_UNVERIFIED",
    "rule_id": "REG-UK-008",
  },
  {
    "applicability": "NOT_APPLICABLE",
    "lifecycle_state": "SEED_UNVERIFIED",
    "rule_id": "REG-UK-009",
  },
  {
    "applicability": "NOT_APPLICABLE",
    "lifecycle_state": "SEED_UNVERIFIED",
    "rule_id": "REG-UK-010",
  },
  {
    "applicability": "NOT_APPLICABLE",
    "lifecycle_state": "DRAFT",
    "rule_id": "REG-UK-011",
  },
  {
    "applicability": "NOT_APPLICABLE",
    "lifecycle_state": "SEED_UNVERIFIED",
    "rule_id": "REG-UK-012",
  },
  {
    "applicability": "NOT_APPLICABLE",
    "lifecycle_state": "DRAFT",
    "rule_id": "REG-UK-013",
  },
  {
    "applicability": "NOT_APPLICABLE",
    "lifecycle_state": "SEED_UNVERIFIED",
    "rule_id": "REG-UK-014",
  },
  {
    "applicability": "NOT_APPLICABLE",
    "lifecycle_state": "DRAFT",
    "rule_id": "REG-UK-015",
  },
  {
    "applicability": "UNKNOWN",
    "lifecycle_state": "PLACEHOLDER",
    "rule_id": "REG-UN-001",
  },
  {
    "applicability": "CONDITIONAL",
    "lifecycle_state": "SEED_UNVERIFIED",
    "rule_id": "REG-UN-010",
  },
  {
    "applicability": "UNKNOWN",
    "lifecycle_state": "SEED_UNVERIFIED",
    "rule_id": "REG-UN-013",
  },
  {
    "applicability": "CONDITIONAL",
    "lifecycle_state": "SEED_UNVERIFIED",
    "rule_id": "REG-UN-013H",
  },
  {
    "applicability": "CONDITIONAL",
    "lifecycle_state": "SEED_UNVERIFIED",
    "rule_id": "REG-UN-014",
  },
  {
    "applicability": "CONDITIONAL",
    "lifecycle_state": "SEED_UNVERIFIED",
    "rule_id": "REG-UN-016",
  },
  {
    "applicability": "CONDITIONAL",
    "lifecycle_state": "SEED_UNVERIFIED",
    "rule_id": "REG-UN-017",
  },
  {
    "applicability": "CONDITIONAL",
    "lifecycle_state": "SEED_UNVERIFIED",
    "rule_id": "REG-UN-021",
  },
  {
    "applicability": "CONDITIONAL",
    "lifecycle_state": "SEED_UNVERIFIED",
    "rule_id": "REG-UN-025",
  },
  {
    "applicability": "UNKNOWN",
    "lifecycle_state": "SEED_UNVERIFIED",
    "rule_id": "REG-UN-034",
  },
  {
    "applicability": "CONDITIONAL",
    "lifecycle_state": "SEED_UNVERIFIED",
    "rule_id": "REG-UN-043",
  },
  {
    "applicability": "UNKNOWN",
    "lifecycle_state": "SEED_UNVERIFIED",
    "rule_id": "REG-UN-044",
  },
  {
    "applicability": "CONDITIONAL",
    "lifecycle_state": "SEED_UNVERIFIED",
    "rule_id": "REG-UN-046",
  },
  {
    "applicability": "CONDITIONAL",
    "lifecycle_state": "SEED_UNVERIFIED",
    "rule_id": "REG-UN-048",
  },
  {
    "applicability": "UNKNOWN",
    "lifecycle_state": "SEED_UNVERIFIED",
    "rule_id": "REG-UN-049",
  },
  {
    "applicability": "CONDITIONAL",
    "lifecycle_state": "SEED_UNVERIFIED",
    "rule_id": "REG-UN-051",
  },
  {
    "applicability": "UNKNOWN",
    "lifecycle_state": "SEED_UNVERIFIED",
    "rule_id": "REG-UN-058",
  },
  {
    "applicability": "UNKNOWN",
    "lifecycle_state": "SEED_UNVERIFIED",
    "rule_id": "REG-UN-066",
  },
  {
    "applicability": "UNKNOWN",
    "lifecycle_state": "SEED_UNVERIFIED",
    "rule_id": "REG-UN-067",
  },
  {
    "applicability": "CONDITIONAL",
    "lifecycle_state": "SEED_UNVERIFIED",
    "rule_id": "REG-UN-079",
  },
  {
    "applicability": "UNKNOWN",
    "lifecycle_state": "SEED_UNVERIFIED",
    "rule_id": "REG-UN-083",
  },
  {
    "applicability": "UNKNOWN",
    "lifecycle_state": "SEED_UNVERIFIED",
    "rule_id": "REG-UN-085",
  },
  {
    "applicability": "CONDITIONAL",
    "lifecycle_state": "SEED_UNVERIFIED",
    "rule_id": "REG-UN-094",
  },
  {
    "applicability": "CONDITIONAL",
    "lifecycle_state": "SEED_UNVERIFIED",
    "rule_id": "REG-UN-095",
  },
  {
    "applicability": "APPLICABLE",
    "lifecycle_state": "ACTIVE",
    "rule_id": "REG-UN-100",
  },
  {
    "applicability": "UNKNOWN",
    "lifecycle_state": "SEED_UNVERIFIED",
    "rule_id": "REG-UN-101",
  },
  {
    "applicability": "UNKNOWN",
    "lifecycle_state": "SEED_UNVERIFIED",
    "rule_id": "REG-UN-110",
  },
  {
    "applicability": "UNKNOWN",
    "lifecycle_state": "SEED_UNVERIFIED",
    "rule_id": "REG-UN-115",
  },
  {
    "applicability": "UNKNOWN",
    "lifecycle_state": "SEED_UNVERIFIED",
    "rule_id": "REG-UN-117",
  },
  {
    "applicability": "UNKNOWN",
    "lifecycle_state": "SEED_UNVERIFIED",
    "rule_id": "REG-UN-118",
  },
  {
    "applicability": "CONDITIONAL",
    "lifecycle_state": "SEED_UNVERIFIED",
    "rule_id": "REG-UN-127",
  },
  {
    "applicability": "UNKNOWN",
    "lifecycle_state": "SEED_UNVERIFIED",
    "rule_id": "REG-UN-129",
  },
  {
    "applicability": "UNKNOWN",
    "lifecycle_state": "SEED_UNVERIFIED",
    "rule_id": "REG-UN-134",
  },
  {
    "applicability": "CONDITIONAL",
    "lifecycle_state": "SEED_UNVERIFIED",
    "rule_id": "REG-UN-135",
  },
  {
    "applicability": "CONDITIONAL",
    "lifecycle_state": "SEED_UNVERIFIED",
    "rule_id": "REG-UN-137",
  },
  {
    "applicability": "CONDITIONAL",
    "lifecycle_state": "SEED_UNVERIFIED",
    "rule_id": "REG-UN-138",
  },
  {
    "applicability": "CONDITIONAL",
    "lifecycle_state": "SEED_UNVERIFIED",
    "rule_id": "REG-UN-140",
  },
  {
    "applicability": "CONDITIONAL",
    "lifecycle_state": "SEED_UNVERIFIED",
    "rule_id": "REG-UN-141",
  },
  {
    "applicability": "UNKNOWN",
    "lifecycle_state": "SEED_UNVERIFIED",
    "rule_id": "REG-UN-142",
  },
  {
    "applicability": "CONDITIONAL",
    "lifecycle_state": "SEED_UNVERIFIED",
    "rule_id": "REG-UN-145",
  },
  {
    "applicability": "CONDITIONAL",
    "lifecycle_state": "SEED_UNVERIFIED",
    "rule_id": "REG-UN-149",
  },
  {
    "applicability": "CONDITIONAL",
    "lifecycle_state": "SEED_UNVERIFIED",
    "rule_id": "REG-UN-152",
  },
  {
    "applicability": "UNKNOWN",
    "lifecycle_state": "SEED_UNVERIFIED",
    "rule_id": "REG-UN-153",
  },
  {
    "applicability": "CONDITIONAL",
    "lifecycle_state": "SEED_UNVERIFIED",
    "rule_id": "REG-UN-158",
  },
  {
    "applicability": "CONDITIONAL",
    "lifecycle_state": "SEED_UNVERIFIED",
    "rule_id": "REG-UN-160",
  },
  {
    "applicability": "UNKNOWN",
    "lifecycle_state": "SEED_UNVERIFIED",
    "rule_id": "REG-INS-001",
  },
  {
    "applicability": "UNKNOWN",
    "lifecycle_state": "DRAFT",
    "rule_id": "REG-INS-002",
  },
  {
    "applicability": "UNKNOWN",
    "lifecycle_state": "PLACEHOLDER",
    "rule_id": "REG-INS-003",
  },
  {
    "applicability": "UNKNOWN",
    "lifecycle_state": "SEED_UNVERIFIED",
    "rule_id": "REG-MS-001",
  },
  {
    "applicability": "UNKNOWN",
    "lifecycle_state": "SEED_UNVERIFIED",
    "rule_id": "REG-MS-002",
  },
  {
    "applicability": "UNKNOWN",
    "lifecycle_state": "SEED_UNVERIFIED",
    "rule_id": "REG-MS-003",
  },
  {
    "applicability": "UNKNOWN",
    "lifecycle_state": "SEED_UNVERIFIED",
    "rule_id": "REG-IMP-001",
  },
  {
    "applicability": "UNKNOWN",
    "lifecycle_state": "SEED_UNVERIFIED",
    "rule_id": "REG-IMP-002",
  },
  {
    "applicability": "UNKNOWN",
    "lifecycle_state": "DRAFT",
    "rule_id": "REG-IMP-003",
  },
  {
    "applicability": "UNKNOWN",
    "lifecycle_state": "SEED_UNVERIFIED",
    "rule_id": "REG-IMP-004",
  },
  {
    "applicability": "UNKNOWN",
    "lifecycle_state": "SEED_UNVERIFIED",
    "rule_id": "REG-IMP-005",
  },
  {
    "applicability": "UNKNOWN",
    "lifecycle_state": "SEED_UNVERIFIED",
    "rule_id": "REG-CI-001",
  },
  {
    "applicability": "UNKNOWN",
    "lifecycle_state": "SEED_UNVERIFIED",
    "rule_id": "REG-CI-002",
  },
  {
    "applicability": "UNKNOWN",
    "lifecycle_state": "DRAFT",
    "rule_id": "REG-CI-003",
  },
]
`;

exports[`Pilot MY2027 BEV acceptance > pilot coverage summary > prints coverage breakdown 1`] = `
{
  "applicable": 23,
  "applicable_ids": [
    "REG-AI-001",
    "REG-BAT-001",
    "REG-BAT-004",
    "REG-CS-001",
    "REG-CS-002",
    "REG-EM-001",
    "REG-EM-003",
    "REG-GSR-001",
    "REG-GSR-002",
    "REG-GSR-003",
    "REG-GSR-004",
    "REG-GSR-005",
    "REG-GSR-006",
    "REG-MS-DE-001",
    "REG-MS-DE-002",
    "REG-MS-DE-003",
    "REG-MS-DE-004",
    "REG-MS-DE-005",
    "REG-MS-DE-006",
    "REG-MS-DE-010",
    "REG-PV-002",
    "REG-TA-001",
    "REG-UN-100",
  ],
  "conditional": 54,
  "future": 3,
  "not_applicable": 41,
  "total": 196,
  "unknown": 75,
}
`;
